
Copyright (C) 1994-2019 Synopsys, Inc.
This Synopsys software and all associated documentation are proprietary to Synopsys, Inc.
and may only be used pursuant to the terms and conditions of a written license agreement
with Synopsys, Inc. All other use, reproduction, modification, or distribution of the
Synopsys software or the associated documentation is strictly prohibited.
Tool: Synplify Pro (R)
Build: P-2019.03G
Install: D:\Gowin\Gowin_V1.9.2.01Beta\SynplifyPro
OS: Windows 6.1

Hostname: DESKTOP

Implementation : rev_1

# Written on Wed Nov 27 10:19:25 2019

##### DESIGN INFO #######################################################

Top View:                "I2C_MASTER_Top"
Constraint File(s):      (none)




##### SUMMARY ############################################################

Found 0 issues in 0 out of 0 constraints


##### DETAILS ############################################################



Clock Relationships
*******************

Starting                 Ending                   |     rise to rise     |     fall to fall     |     rise to fall     |     fall to rise                     
-------------------------------------------------------------------------------------------------------------------------------------------------------------
I2C_MASTER_Top|I_CLK     I2C_MASTER_Top|I_CLK     |     3.939            |     No paths         |     No paths         |     No paths                         
=============================================================================================================================================================
 Note: 'No paths' indicates there are no paths in the design for that pair of clock edges.
       'Diff grp' indicates that paths exist but the starting clock and ending clock are in different clock groups.


Unconstrained Start/End Points
******************************

p:I_RADDR[0]
p:I_RADDR[1]
p:I_RADDR[2]
p:I_RESETN
p:I_RX_EN
p:I_TX_EN
p:I_WADDR[0]
p:I_WADDR[1]
p:I_WADDR[2]
p:I_WDATA[0]
p:I_WDATA[1]
p:I_WDATA[2]
p:I_WDATA[3]
p:I_WDATA[4]
p:I_WDATA[5]
p:I_WDATA[6]
p:I_WDATA[7]
p:O_IIC_INT
p:O_RDATA[0]
p:O_RDATA[1]
p:O_RDATA[2]
p:O_RDATA[3]
p:O_RDATA[4]
p:O_RDATA[5]
p:O_RDATA[6]
p:O_RDATA[7]
p:SCL (bidir end point)
p:SCL (bidir start point)
p:SDA (bidir end point)
p:SDA (bidir start point)


Inapplicable constraints
************************

(none)


Applicable constraints with issues
**********************************

(none)


Constraints with matching wildcard expressions
**********************************************

(none)


Library Report
**************


# End of Constraint Checker Report
