
Copyright (C) 1994-2020 Synopsys, Inc.
This Synopsys software and all associated documentation are proprietary to Synopsys, Inc.
and may only be used pursuant to the terms and conditions of a written license agreement
with Synopsys, Inc. All other use, reproduction, modification, or distribution of the
Synopsys software or the associated documentation is strictly prohibited.
Tool: Synplify Pro (R)
Build: P-2019.09G-Beta2
Install: D:\Gowin\Gowin_V1.9.3.01Beta\SynplifyPro
OS: Windows 6.2

Hostname: DESKTOP-AP2159I

Implementation : rev_1
Synopsys HDL compiler and linker, Version comp2019q3p1, Build 210R, Built Jan  7 2020 09:22:52

Modified Files: 10
FID:  path (prevtimestamp, timestamp)
0        D:\Gowin\Gowin_V1.9.3.01Beta\IDE\ipcore\FIFO\data\edc.v (N/A, 2020-01-15 16:24:32)
1        D:\Gowin\Gowin_V1.9.3.01Beta\IDE\ipcore\FIFO\data\fifo.v (N/A, 2020-01-15 16:24:32)
2        D:\Gowin\Gowin_V1.9.3.01Beta\IDE\ipcore\FIFO\data\fifo_top.v (N/A, 2020-01-15 16:24:32)
3        D:\Gowin\Gowin_V1.9.3.01Beta\SynplifyPro\lib\generic\gw2a.v (N/A, 2020-01-08 03:27:26)
4        D:\Gowin\Gowin_V1.9.3.01Beta\SynplifyPro\lib\vlog\hypermods.v (N/A, 2020-01-08 03:29:16)
5        D:\Gowin\Gowin_V1.9.3.01Beta\SynplifyPro\lib\vlog\scemi_objects.v (N/A, 2020-01-08 03:29:16)
6        D:\Gowin\Gowin_V1.9.3.01Beta\SynplifyPro\lib\vlog\scemi_pipes.svh (N/A, 2020-01-08 03:29:16)
7        D:\Gowin\Gowin_V1.9.3.01Beta\SynplifyPro\lib\vlog\umr_capim.v (N/A, 2020-01-08 03:29:16)
8        D:\proj\dk_video_csi\src\frame_buffer\fifo\temp\FIFO\fifo_define.v (N/A, 2020-02-12 16:25:59)
9        D:\proj\dk_video_csi\src\frame_buffer\fifo\temp\FIFO\fifo_parameter.v (N/A, 2020-02-12 16:25:59)

*******************************************************************
Modules that may have changed as a result of file changes: 3
MID:  lib.cell.view
0        work.\~edc.fifo_dma_write_16_128.verilog may have changed because the following files changed:
                        D:\Gowin\Gowin_V1.9.3.01Beta\IDE\ipcore\FIFO\data\edc.v (N/A, 2020-01-15 16:24:32) <-- (module definition)
1        work.\~fifo.fifo_dma_write_16_128.verilog may have changed because the following files changed:
                        D:\Gowin\Gowin_V1.9.3.01Beta\IDE\ipcore\FIFO\data\fifo.v (N/A, 2020-01-15 16:24:32) <-- (module definition)
                        D:\Gowin\Gowin_V1.9.3.01Beta\IDE\ipcore\FIFO\data\fifo_top.v (N/A, 2020-01-15 16:24:32) <-- (may instantiate this module)
2        work.fifo_dma_write_16_128.verilog may have changed because the following files changed:
                        D:\Gowin\Gowin_V1.9.3.01Beta\IDE\ipcore\FIFO\data\fifo_top.v (N/A, 2020-01-15 16:24:32) <-- (module definition)

*******************************************************************
Unmodified files: 0
FID:  path (timestamp)

*******************************************************************
Unchanged modules: 0
MID:  lib.cell.view
