---------------------------------------
Resource Usage Report for DPHY_TOP 

Mapping to part: gw1n_9pbga256-5
Cell usage:
ALU             10 uses
CLKDIV          2 uses
DFFC            829 uses
DFFCE           139 uses
DFFE            64 uses
DFFPE           1 use
DHCEN           1 use
GSR             2 uses
IDES16          4 uses
INV             9 uses
IODELAY         4 uses
MUX2_LUT5       256 uses
MUX2_LUT6       128 uses
MUX2_LUT7       64 uses
OSER16          5 uses
PLL             2 uses
RAM16SDP4       16 uses
pROM            2 uses
LUT1            1 use
LUT2            70 uses
LUT3            595 uses
LUT4            365 uses

I/O ports: 26
I/O primitives: 16
ELVDS_IBUF     5 uses
ELVDS_TBUF     5 uses
IBUF           2 uses
OBUF           4 uses

I/O Register bits:                  0
Register bits not including I/Os:   1033 of 6480 (15%)

RAM/ROM usage summary
Block Rams : 2 of 26 (7%)


@S |Mapping Summary:
Total  LUTs: 1031 (11%)

